Archive member included to satisfy reference by file (symbol)

c:/program files (x86)/gnu tools arm embedded/8 2018-q4-major/bin/../lib/gcc/arm-none-eabi/8.2.1/../../../../arm-none-eabi/lib/thumb/v7+fp/hard\libc.a(lib_a-ctype_.o)
                              C:\Users\A01169~1\AppData\Local\Temp\ccqhpZjG.o (_ctype_)
c:/program files (x86)/gnu tools arm embedded/8 2018-q4-major/bin/../lib/gcc/arm-none-eabi/8.2.1/../../../../arm-none-eabi/lib/thumb/v7+fp/hard\libc.a(lib_a-memcpy.o)
                              C:\Users\A01169~1\AppData\Local\Temp\ccRbWBA9.o (memcpy)
c:/program files (x86)/gnu tools arm embedded/8 2018-q4-major/bin/../lib/gcc/arm-none-eabi/8.2.1/../../../../arm-none-eabi/lib/thumb/v7+fp/hard\libc.a(lib_a-reent.o)
                              C:\Users\A01169~1\AppData\Local\Temp\ccRbWBA9.o (errno)
c:/program files (x86)/gnu tools arm embedded/8 2018-q4-major/bin/../lib/gcc/arm-none-eabi/8.2.1/../../../../arm-none-eabi/lib/thumb/v7+fp/hard\libc.a(lib_a-strchr.o)
                              C:\Users\A01169~1\AppData\Local\Temp\cckT5DVO.o (strchr)
c:/program files (x86)/gnu tools arm embedded/8 2018-q4-major/bin/../lib/gcc/arm-none-eabi/8.2.1/../../../../arm-none-eabi/lib/thumb/v7+fp/hard\libc.a(lib_a-strlen-stub.o)
                              C:\Users\A01169~1\AppData\Local\Temp\ccRbWBA9.o (strlen)
c:/program files (x86)/gnu tools arm embedded/8 2018-q4-major/bin/../lib/gcc/arm-none-eabi/8.2.1/../../../../arm-none-eabi/lib/thumb/v7+fp/hard\libc.a(lib_a-strnlen.o)
                              C:\Users\A01169~1\AppData\Local\Temp\ccqhpZjG.o (strnlen)
c:/program files (x86)/gnu tools arm embedded/8 2018-q4-major/bin/../lib/gcc/arm-none-eabi/8.2.1/../../../../arm-none-eabi/lib/thumb/v7+fp/hard\libc.a(lib_a-wctob.o)
                              C:\Users\A01169~1\AppData\Local\Temp\cckT5DVO.o (wctob)
c:/program files (x86)/gnu tools arm embedded/8 2018-q4-major/bin/../lib/gcc/arm-none-eabi/8.2.1/../../../../arm-none-eabi/lib/thumb/v7+fp/hard\libc.a(lib_a-freer.o)
                              c:/program files (x86)/gnu tools arm embedded/8 2018-q4-major/bin/../lib/gcc/arm-none-eabi/8.2.1/../../../../arm-none-eabi/lib/thumb/v7+fp/hard\libc.a(lib_a-reent.o) (_free_r)
c:/program files (x86)/gnu tools arm embedded/8 2018-q4-major/bin/../lib/gcc/arm-none-eabi/8.2.1/../../../../arm-none-eabi/lib/thumb/v7+fp/hard\libc.a(lib_a-impure.o)
                              c:/program files (x86)/gnu tools arm embedded/8 2018-q4-major/bin/../lib/gcc/arm-none-eabi/8.2.1/../../../../arm-none-eabi/lib/thumb/v7+fp/hard\libc.a(lib_a-reent.o) (_impure_ptr)
c:/program files (x86)/gnu tools arm embedded/8 2018-q4-major/bin/../lib/gcc/arm-none-eabi/8.2.1/../../../../arm-none-eabi/lib/thumb/v7+fp/hard\libc.a(lib_a-locale.o)
                              c:/program files (x86)/gnu tools arm embedded/8 2018-q4-major/bin/../lib/gcc/arm-none-eabi/8.2.1/../../../../arm-none-eabi/lib/thumb/v7+fp/hard\libc.a(lib_a-wctob.o) (__global_locale)
c:/program files (x86)/gnu tools arm embedded/8 2018-q4-major/bin/../lib/gcc/arm-none-eabi/8.2.1/../../../../arm-none-eabi/lib/thumb/v7+fp/hard\libc.a(lib_a-mallocr.o)
                              c:/program files (x86)/gnu tools arm embedded/8 2018-q4-major/bin/../lib/gcc/arm-none-eabi/8.2.1/../../../../arm-none-eabi/lib/thumb/v7+fp/hard\libc.a(lib_a-freer.o) (__malloc_current_mallinfo)
c:/program files (x86)/gnu tools arm embedded/8 2018-q4-major/bin/../lib/gcc/arm-none-eabi/8.2.1/../../../../arm-none-eabi/lib/thumb/v7+fp/hard\libc.a(lib_a-mbtowc_r.o)
                              c:/program files (x86)/gnu tools arm embedded/8 2018-q4-major/bin/../lib/gcc/arm-none-eabi/8.2.1/../../../../arm-none-eabi/lib/thumb/v7+fp/hard\libc.a(lib_a-locale.o) (__ascii_mbtowc)
c:/program files (x86)/gnu tools arm embedded/8 2018-q4-major/bin/../lib/gcc/arm-none-eabi/8.2.1/../../../../arm-none-eabi/lib/thumb/v7+fp/hard\libc.a(lib_a-memset.o)
                              c:/program files (x86)/gnu tools arm embedded/8 2018-q4-major/bin/../lib/gcc/arm-none-eabi/8.2.1/../../../../arm-none-eabi/lib/thumb/v7+fp/hard\libc.a(lib_a-wctob.o) (memset)
c:/program files (x86)/gnu tools arm embedded/8 2018-q4-major/bin/../lib/gcc/arm-none-eabi/8.2.1/../../../../arm-none-eabi/lib/thumb/v7+fp/hard\libc.a(lib_a-mlock.o)
                              c:/program files (x86)/gnu tools arm embedded/8 2018-q4-major/bin/../lib/gcc/arm-none-eabi/8.2.1/../../../../arm-none-eabi/lib/thumb/v7+fp/hard\libc.a(lib_a-freer.o) (__malloc_lock)
c:/program files (x86)/gnu tools arm embedded/8 2018-q4-major/bin/../lib/gcc/arm-none-eabi/8.2.1/../../../../arm-none-eabi/lib/thumb/v7+fp/hard\libc.a(lib_a-sbrkr.o)
                              c:/program files (x86)/gnu tools arm embedded/8 2018-q4-major/bin/../lib/gcc/arm-none-eabi/8.2.1/../../../../arm-none-eabi/lib/thumb/v7+fp/hard\libc.a(lib_a-freer.o) (_sbrk_r)
c:/program files (x86)/gnu tools arm embedded/8 2018-q4-major/bin/../lib/gcc/arm-none-eabi/8.2.1/../../../../arm-none-eabi/lib/thumb/v7+fp/hard\libc.a(lib_a-strcmp.o)
                              c:/program files (x86)/gnu tools arm embedded/8 2018-q4-major/bin/../lib/gcc/arm-none-eabi/8.2.1/../../../../arm-none-eabi/lib/thumb/v7+fp/hard\libc.a(lib_a-locale.o) (strcmp)
c:/program files (x86)/gnu tools arm embedded/8 2018-q4-major/bin/../lib/gcc/arm-none-eabi/8.2.1/../../../../arm-none-eabi/lib/thumb/v7+fp/hard\libc.a(lib_a-wctomb_r.o)
                              c:/program files (x86)/gnu tools arm embedded/8 2018-q4-major/bin/../lib/gcc/arm-none-eabi/8.2.1/../../../../arm-none-eabi/lib/thumb/v7+fp/hard\libc.a(lib_a-locale.o) (__ascii_wctomb)
c:/program files (x86)/gnu tools arm embedded/8 2018-q4-major/bin/../lib/gcc/arm-none-eabi/8.2.1/../../../../arm-none-eabi/lib/thumb/v7+fp/hard\libc.a(lib_a-lock.o)
                              c:/program files (x86)/gnu tools arm embedded/8 2018-q4-major/bin/../lib/gcc/arm-none-eabi/8.2.1/../../../../arm-none-eabi/lib/thumb/v7+fp/hard\libc.a(lib_a-mlock.o) (__retarget_lock_acquire_recursive)

Allocating common symbols
Common symbol       size              file

__lock___atexit_recursive_mutex
                    0x1               c:/program files (x86)/gnu tools arm embedded/8 2018-q4-major/bin/../lib/gcc/arm-none-eabi/8.2.1/../../../../arm-none-eabi/lib/thumb/v7+fp/hard\libc.a(lib_a-lock.o)
__lock___arc4random_mutex
                    0x1               c:/program files (x86)/gnu tools arm embedded/8 2018-q4-major/bin/../lib/gcc/arm-none-eabi/8.2.1/../../../../arm-none-eabi/lib/thumb/v7+fp/hard\libc.a(lib_a-lock.o)
errno               0x4               c:/program files (x86)/gnu tools arm embedded/8 2018-q4-major/bin/../lib/gcc/arm-none-eabi/8.2.1/../../../../arm-none-eabi/lib/thumb/v7+fp/hard\libc.a(lib_a-reent.o)
__lock___env_recursive_mutex
                    0x1               c:/program files (x86)/gnu tools arm embedded/8 2018-q4-major/bin/../lib/gcc/arm-none-eabi/8.2.1/../../../../arm-none-eabi/lib/thumb/v7+fp/hard\libc.a(lib_a-lock.o)
__lock___sinit_recursive_mutex
                    0x1               c:/program files (x86)/gnu tools arm embedded/8 2018-q4-major/bin/../lib/gcc/arm-none-eabi/8.2.1/../../../../arm-none-eabi/lib/thumb/v7+fp/hard\libc.a(lib_a-lock.o)
__lock___malloc_recursive_mutex
                    0x1               c:/program files (x86)/gnu tools arm embedded/8 2018-q4-major/bin/../lib/gcc/arm-none-eabi/8.2.1/../../../../arm-none-eabi/lib/thumb/v7+fp/hard\libc.a(lib_a-lock.o)
buffer              0x1f4             C:\Users\A01169~1\AppData\Local\Temp\ccoHf1Zb.o
__lock___at_quick_exit_mutex
                    0x1               c:/program files (x86)/gnu tools arm embedded/8 2018-q4-major/bin/../lib/gcc/arm-none-eabi/8.2.1/../../../../arm-none-eabi/lib/thumb/v7+fp/hard\libc.a(lib_a-lock.o)
__lock___dd_hash_mutex
                    0x1               c:/program files (x86)/gnu tools arm embedded/8 2018-q4-major/bin/../lib/gcc/arm-none-eabi/8.2.1/../../../../arm-none-eabi/lib/thumb/v7+fp/hard\libc.a(lib_a-lock.o)
__lock___tz_mutex   0x1               c:/program files (x86)/gnu tools arm embedded/8 2018-q4-major/bin/../lib/gcc/arm-none-eabi/8.2.1/../../../../arm-none-eabi/lib/thumb/v7+fp/hard\libc.a(lib_a-lock.o)
__lock___sfp_recursive_mutex
                    0x1               c:/program files (x86)/gnu tools arm embedded/8 2018-q4-major/bin/../lib/gcc/arm-none-eabi/8.2.1/../../../../arm-none-eabi/lib/thumb/v7+fp/hard\libc.a(lib_a-lock.o)

Discarded input sections

 .data          0x00000000        0x0 C:\Users\A01169~1\AppData\Local\Temp\ccoHf1Zb.o
 .bss           0x00000000        0x0 C:\Users\A01169~1\AppData\Local\Temp\ccoHf1Zb.o
 .comment       0x00000000       0x76 C:\Users\A01169~1\AppData\Local\Temp\ccoHf1Zb.o
 .text          0x00000000        0x0 C:\Users\A01169~1\AppData\Local\Temp\ccMrilcU.o
 .data          0x00000000        0x0 C:\Users\A01169~1\AppData\Local\Temp\ccMrilcU.o
 .bss           0x00000000        0x0 C:\Users\A01169~1\AppData\Local\Temp\ccMrilcU.o
 .text._sbrk    0x00000000       0x2c C:\Users\A01169~1\AppData\Local\Temp\ccMrilcU.o
 .comment       0x00000000       0x76 C:\Users\A01169~1\AppData\Local\Temp\ccRbWBA9.o
 .data          0x00000000        0x0 C:\Users\A01169~1\AppData\Local\Temp\ccqhpZjG.o
 .bss           0x00000000        0x0 C:\Users\A01169~1\AppData\Local\Temp\ccqhpZjG.o
 .comment       0x00000000       0x76 C:\Users\A01169~1\AppData\Local\Temp\ccqhpZjG.o
 .comment       0x00000000       0x76 C:\Users\A01169~1\AppData\Local\Temp\cckT5DVO.o
 .text          0x00000000      0x4fc C:\Users\A01169~1\AppData\Local\Temp\cc2uVrMj.o
 .data          0x00000000        0x0 C:\Users\A01169~1\AppData\Local\Temp\cc2uVrMj.o
 .bss           0x00000000      0x8bc C:\Users\A01169~1\AppData\Local\Temp\cc2uVrMj.o
 .comment       0x00000000       0x76 C:\Users\A01169~1\AppData\Local\Temp\cc2uVrMj.o
 .ARM.attributes
                0x00000000       0x39 C:\Users\A01169~1\AppData\Local\Temp\cc2uVrMj.o
 .text          0x00000000      0x944 C:\Users\A01169~1\AppData\Local\Temp\cc2B0v44.o
 .data          0x00000000        0x8 C:\Users\A01169~1\AppData\Local\Temp\cc2B0v44.o
 .bss           0x00000000        0x0 C:\Users\A01169~1\AppData\Local\Temp\cc2B0v44.o
 .comment       0x00000000       0x76 C:\Users\A01169~1\AppData\Local\Temp\cc2B0v44.o
 .ARM.attributes
                0x00000000       0x39 C:\Users\A01169~1\AppData\Local\Temp\cc2B0v44.o
 .text          0x00000000      0x144 C:\Users\A01169~1\AppData\Local\Temp\ccME9cKS.o
 .data          0x00000000        0x0 C:\Users\A01169~1\AppData\Local\Temp\ccME9cKS.o
 .bss           0x00000000        0x0 C:\Users\A01169~1\AppData\Local\Temp\ccME9cKS.o
 .ARM.attributes
                0x00000000       0x27 C:\Users\A01169~1\AppData\Local\Temp\ccME9cKS.o
 .text          0x00000000        0x0 c:/program files (x86)/gnu tools arm embedded/8 2018-q4-major/bin/../lib/gcc/arm-none-eabi/8.2.1/../../../../arm-none-eabi/lib/thumb/v7+fp/hard\libc.a(lib_a-ctype_.o)
 .data          0x00000000        0x0 c:/program files (x86)/gnu tools arm embedded/8 2018-q4-major/bin/../lib/gcc/arm-none-eabi/8.2.1/../../../../arm-none-eabi/lib/thumb/v7+fp/hard\libc.a(lib_a-ctype_.o)
 .bss           0x00000000        0x0 c:/program files (x86)/gnu tools arm embedded/8 2018-q4-major/bin/../lib/gcc/arm-none-eabi/8.2.1/../../../../arm-none-eabi/lib/thumb/v7+fp/hard\libc.a(lib_a-ctype_.o)
 .data          0x00000000        0x0 c:/program files (x86)/gnu tools arm embedded/8 2018-q4-major/bin/../lib/gcc/arm-none-eabi/8.2.1/../../../../arm-none-eabi/lib/thumb/v7+fp/hard\libc.a(lib_a-memcpy.o)
 .bss           0x00000000        0x0 c:/program files (x86)/gnu tools arm embedded/8 2018-q4-major/bin/../lib/gcc/arm-none-eabi/8.2.1/../../../../arm-none-eabi/lib/thumb/v7+fp/hard\libc.a(lib_a-memcpy.o)
 .text          0x00000000        0x0 c:/program files (x86)/gnu tools arm embedded/8 2018-q4-major/bin/../lib/gcc/arm-none-eabi/8.2.1/../../../../arm-none-eabi/lib/thumb/v7+fp/hard\libc.a(lib_a-reent.o)
 .data          0x00000000        0x0 c:/program files (x86)/gnu tools arm embedded/8 2018-q4-major/bin/../lib/gcc/arm-none-eabi/8.2.1/../../../../arm-none-eabi/lib/thumb/v7+fp/hard\libc.a(lib_a-reent.o)
 .bss           0x00000000        0x0 c:/program files (x86)/gnu tools arm embedded/8 2018-q4-major/bin/../lib/gcc/arm-none-eabi/8.2.1/../../../../arm-none-eabi/lib/thumb/v7+fp/hard\libc.a(lib_a-reent.o)
 .text.cleanup_glue
                0x00000000       0x1c c:/program files (x86)/gnu tools arm embedded/8 2018-q4-major/bin/../lib/gcc/arm-none-eabi/8.2.1/../../../../arm-none-eabi/lib/thumb/v7+fp/hard\libc.a(lib_a-reent.o)
 .text._reclaim_reent
                0x00000000       0x88 c:/program files (x86)/gnu tools arm embedded/8 2018-q4-major/bin/../lib/gcc/arm-none-eabi/8.2.1/../../../../arm-none-eabi/lib/thumb/v7+fp/hard\libc.a(lib_a-reent.o)
 .debug_frame   0x00000000       0x60 c:/program files (x86)/gnu tools arm embedded/8 2018-q4-major/bin/../lib/gcc/arm-none-eabi/8.2.1/../../../../arm-none-eabi/lib/thumb/v7+fp/hard\libc.a(lib_a-reent.o)
 .text          0x00000000        0x0 c:/program files (x86)/gnu tools arm embedded/8 2018-q4-major/bin/../lib/gcc/arm-none-eabi/8.2.1/../../../../arm-none-eabi/lib/thumb/v7+fp/hard\libc.a(lib_a-strchr.o)
 .data          0x00000000        0x0 c:/program files (x86)/gnu tools arm embedded/8 2018-q4-major/bin/../lib/gcc/arm-none-eabi/8.2.1/../../../../arm-none-eabi/lib/thumb/v7+fp/hard\libc.a(lib_a-strchr.o)
 .bss           0x00000000        0x0 c:/program files (x86)/gnu tools arm embedded/8 2018-q4-major/bin/../lib/gcc/arm-none-eabi/8.2.1/../../../../arm-none-eabi/lib/thumb/v7+fp/hard\libc.a(lib_a-strchr.o)
 .debug_frame   0x00000000       0x30 c:/program files (x86)/gnu tools arm embedded/8 2018-q4-major/bin/../lib/gcc/arm-none-eabi/8.2.1/../../../../arm-none-eabi/lib/thumb/v7+fp/hard\libc.a(lib_a-strchr.o)
 .text          0x00000000        0x0 c:/program files (x86)/gnu tools arm embedded/8 2018-q4-major/bin/../lib/gcc/arm-none-eabi/8.2.1/../../../../arm-none-eabi/lib/thumb/v7+fp/hard\libc.a(lib_a-strlen-stub.o)
 .data          0x00000000        0x0 c:/program files (x86)/gnu tools arm embedded/8 2018-q4-major/bin/../lib/gcc/arm-none-eabi/8.2.1/../../../../arm-none-eabi/lib/thumb/v7+fp/hard\libc.a(lib_a-strlen-stub.o)
 .bss           0x00000000        0x0 c:/program files (x86)/gnu tools arm embedded/8 2018-q4-major/bin/../lib/gcc/arm-none-eabi/8.2.1/../../../../arm-none-eabi/lib/thumb/v7+fp/hard\libc.a(lib_a-strlen-stub.o)
 .debug_frame   0x00000000       0x20 c:/program files (x86)/gnu tools arm embedded/8 2018-q4-major/bin/../lib/gcc/arm-none-eabi/8.2.1/../../../../arm-none-eabi/lib/thumb/v7+fp/hard\libc.a(lib_a-strlen-stub.o)
 .text          0x00000000        0x0 c:/program files (x86)/gnu tools arm embedded/8 2018-q4-major/bin/../lib/gcc/arm-none-eabi/8.2.1/../../../../arm-none-eabi/lib/thumb/v7+fp/hard\libc.a(lib_a-strnlen.o)
 .data          0x00000000        0x0 c:/program files (x86)/gnu tools arm embedded/8 2018-q4-major/bin/../lib/gcc/arm-none-eabi/8.2.1/../../../../arm-none-eabi/lib/thumb/v7+fp/hard\libc.a(lib_a-strnlen.o)
 .bss           0x00000000        0x0 c:/program files (x86)/gnu tools arm embedded/8 2018-q4-major/bin/../lib/gcc/arm-none-eabi/8.2.1/../../../../arm-none-eabi/lib/thumb/v7+fp/hard\libc.a(lib_a-strnlen.o)
 .debug_frame   0x00000000       0x30 c:/program files (x86)/gnu tools arm embedded/8 2018-q4-major/bin/../lib/gcc/arm-none-eabi/8.2.1/../../../../arm-none-eabi/lib/thumb/v7+fp/hard\libc.a(lib_a-strnlen.o)
 .text          0x00000000        0x0 c:/program files (x86)/gnu tools arm embedded/8 2018-q4-major/bin/../lib/gcc/arm-none-eabi/8.2.1/../../../../arm-none-eabi/lib/thumb/v7+fp/hard\libc.a(lib_a-wctob.o)
 .data          0x00000000        0x0 c:/program files (x86)/gnu tools arm embedded/8 2018-q4-major/bin/../lib/gcc/arm-none-eabi/8.2.1/../../../../arm-none-eabi/lib/thumb/v7+fp/hard\libc.a(lib_a-wctob.o)
 .bss           0x00000000        0x0 c:/program files (x86)/gnu tools arm embedded/8 2018-q4-major/bin/../lib/gcc/arm-none-eabi/8.2.1/../../../../arm-none-eabi/lib/thumb/v7+fp/hard\libc.a(lib_a-wctob.o)
 .debug_frame   0x00000000       0x38 c:/program files (x86)/gnu tools arm embedded/8 2018-q4-major/bin/../lib/gcc/arm-none-eabi/8.2.1/../../../../arm-none-eabi/lib/thumb/v7+fp/hard\libc.a(lib_a-wctob.o)
 .text          0x00000000        0x0 c:/program files (x86)/gnu tools arm embedded/8 2018-q4-major/bin/../lib/gcc/arm-none-eabi/8.2.1/../../../../arm-none-eabi/lib/thumb/v7+fp/hard\libc.a(lib_a-freer.o)
 .data          0x00000000        0x0 c:/program files (x86)/gnu tools arm embedded/8 2018-q4-major/bin/../lib/gcc/arm-none-eabi/8.2.1/../../../../arm-none-eabi/lib/thumb/v7+fp/hard\libc.a(lib_a-freer.o)
 .bss           0x00000000        0x0 c:/program files (x86)/gnu tools arm embedded/8 2018-q4-major/bin/../lib/gcc/arm-none-eabi/8.2.1/../../../../arm-none-eabi/lib/thumb/v7+fp/hard\libc.a(lib_a-freer.o)
 .text._malloc_trim_r
                0x00000000       0xac c:/program files (x86)/gnu tools arm embedded/8 2018-q4-major/bin/../lib/gcc/arm-none-eabi/8.2.1/../../../../arm-none-eabi/lib/thumb/v7+fp/hard\libc.a(lib_a-freer.o)
 .text._free_r  0x00000000      0x1f0 c:/program files (x86)/gnu tools arm embedded/8 2018-q4-major/bin/../lib/gcc/arm-none-eabi/8.2.1/../../../../arm-none-eabi/lib/thumb/v7+fp/hard\libc.a(lib_a-freer.o)
 .debug_frame   0x00000000       0x80 c:/program files (x86)/gnu tools arm embedded/8 2018-q4-major/bin/../lib/gcc/arm-none-eabi/8.2.1/../../../../arm-none-eabi/lib/thumb/v7+fp/hard\libc.a(lib_a-freer.o)
 .ARM.attributes
                0x00000000       0x2d c:/program files (x86)/gnu tools arm embedded/8 2018-q4-major/bin/../lib/gcc/arm-none-eabi/8.2.1/../../../../arm-none-eabi/lib/thumb/v7+fp/hard\libc.a(lib_a-freer.o)
 .text          0x00000000        0x0 c:/program files (x86)/gnu tools arm embedded/8 2018-q4-major/bin/../lib/gcc/arm-none-eabi/8.2.1/../../../../arm-none-eabi/lib/thumb/v7+fp/hard\libc.a(lib_a-impure.o)
 .data          0x00000000        0x0 c:/program files (x86)/gnu tools arm embedded/8 2018-q4-major/bin/../lib/gcc/arm-none-eabi/8.2.1/../../../../arm-none-eabi/lib/thumb/v7+fp/hard\libc.a(lib_a-impure.o)
 .bss           0x00000000        0x0 c:/program files (x86)/gnu tools arm embedded/8 2018-q4-major/bin/../lib/gcc/arm-none-eabi/8.2.1/../../../../arm-none-eabi/lib/thumb/v7+fp/hard\libc.a(lib_a-impure.o)
 .rodata._global_impure_ptr
                0x00000000        0x4 c:/program files (x86)/gnu tools arm embedded/8 2018-q4-major/bin/../lib/gcc/arm-none-eabi/8.2.1/../../../../arm-none-eabi/lib/thumb/v7+fp/hard\libc.a(lib_a-impure.o)
 .text          0x00000000        0x0 c:/program files (x86)/gnu tools arm embedded/8 2018-q4-major/bin/../lib/gcc/arm-none-eabi/8.2.1/../../../../arm-none-eabi/lib/thumb/v7+fp/hard\libc.a(lib_a-locale.o)
 .data          0x00000000        0x0 c:/program files (x86)/gnu tools arm embedded/8 2018-q4-major/bin/../lib/gcc/arm-none-eabi/8.2.1/../../../../arm-none-eabi/lib/thumb/v7+fp/hard\libc.a(lib_a-locale.o)
 .bss           0x00000000        0x0 c:/program files (x86)/gnu tools arm embedded/8 2018-q4-major/bin/../lib/gcc/arm-none-eabi/8.2.1/../../../../arm-none-eabi/lib/thumb/v7+fp/hard\libc.a(lib_a-locale.o)
 .text._setlocale_r
                0x00000000       0x54 c:/program files (x86)/gnu tools arm embedded/8 2018-q4-major/bin/../lib/gcc/arm-none-eabi/8.2.1/../../../../arm-none-eabi/lib/thumb/v7+fp/hard\libc.a(lib_a-locale.o)
 .text.__locale_mb_cur_max
                0x00000000       0x10 c:/program files (x86)/gnu tools arm embedded/8 2018-q4-major/bin/../lib/gcc/arm-none-eabi/8.2.1/../../../../arm-none-eabi/lib/thumb/v7+fp/hard\libc.a(lib_a-locale.o)
 .text.setlocale
                0x00000000       0x14 c:/program files (x86)/gnu tools arm embedded/8 2018-q4-major/bin/../lib/gcc/arm-none-eabi/8.2.1/../../../../arm-none-eabi/lib/thumb/v7+fp/hard\libc.a(lib_a-locale.o)
 .bss._PathLocale
                0x00000000        0x4 c:/program files (x86)/gnu tools arm embedded/8 2018-q4-major/bin/../lib/gcc/arm-none-eabi/8.2.1/../../../../arm-none-eabi/lib/thumb/v7+fp/hard\libc.a(lib_a-locale.o)
 .debug_frame   0x00000000       0x54 c:/program files (x86)/gnu tools arm embedded/8 2018-q4-major/bin/../lib/gcc/arm-none-eabi/8.2.1/../../../../arm-none-eabi/lib/thumb/v7+fp/hard\libc.a(lib_a-locale.o)
 .text          0x00000000        0x0 c:/program files (x86)/gnu tools arm embedded/8 2018-q4-major/bin/../lib/gcc/arm-none-eabi/8.2.1/../../../../arm-none-eabi/lib/thumb/v7+fp/hard\libc.a(lib_a-mallocr.o)
 .data          0x00000000        0x0 c:/program files (x86)/gnu tools arm embedded/8 2018-q4-major/bin/../lib/gcc/arm-none-eabi/8.2.1/../../../../arm-none-eabi/lib/thumb/v7+fp/hard\libc.a(lib_a-mallocr.o)
 .bss           0x00000000        0x0 c:/program files (x86)/gnu tools arm embedded/8 2018-q4-major/bin/../lib/gcc/arm-none-eabi/8.2.1/../../../../arm-none-eabi/lib/thumb/v7+fp/hard\libc.a(lib_a-mallocr.o)
 .text._malloc_r
                0x00000000      0x5a4 c:/program files (x86)/gnu tools arm embedded/8 2018-q4-major/bin/../lib/gcc/arm-none-eabi/8.2.1/../../../../arm-none-eabi/lib/thumb/v7+fp/hard\libc.a(lib_a-mallocr.o)
 .bss.__malloc_current_mallinfo
                0x00000000       0x28 c:/program files (x86)/gnu tools arm embedded/8 2018-q4-major/bin/../lib/gcc/arm-none-eabi/8.2.1/../../../../arm-none-eabi/lib/thumb/v7+fp/hard\libc.a(lib_a-mallocr.o)
 .bss.__malloc_max_sbrked_mem
                0x00000000        0x4 c:/program files (x86)/gnu tools arm embedded/8 2018-q4-major/bin/../lib/gcc/arm-none-eabi/8.2.1/../../../../arm-none-eabi/lib/thumb/v7+fp/hard\libc.a(lib_a-mallocr.o)
 .bss.__malloc_max_total_mem
                0x00000000        0x4 c:/program files (x86)/gnu tools arm embedded/8 2018-q4-major/bin/../lib/gcc/arm-none-eabi/8.2.1/../../../../arm-none-eabi/lib/thumb/v7+fp/hard\libc.a(lib_a-mallocr.o)
 .bss.__malloc_top_pad
                0x00000000        0x4 c:/program files (x86)/gnu tools arm embedded/8 2018-q4-major/bin/../lib/gcc/arm-none-eabi/8.2.1/../../../../arm-none-eabi/lib/thumb/v7+fp/hard\libc.a(lib_a-mallocr.o)
 .data.__malloc_av_
                0x00000000      0x408 c:/program files (x86)/gnu tools arm embedded/8 2018-q4-major/bin/../lib/gcc/arm-none-eabi/8.2.1/../../../../arm-none-eabi/lib/thumb/v7+fp/hard\libc.a(lib_a-mallocr.o)
 .data.__malloc_sbrk_base
                0x00000000        0x4 c:/program files (x86)/gnu tools arm embedded/8 2018-q4-major/bin/../lib/gcc/arm-none-eabi/8.2.1/../../../../arm-none-eabi/lib/thumb/v7+fp/hard\libc.a(lib_a-mallocr.o)
 .data.__malloc_trim_threshold
                0x00000000        0x4 c:/program files (x86)/gnu tools arm embedded/8 2018-q4-major/bin/../lib/gcc/arm-none-eabi/8.2.1/../../../../arm-none-eabi/lib/thumb/v7+fp/hard\libc.a(lib_a-mallocr.o)
 .debug_frame   0x00000000       0x54 c:/program files (x86)/gnu tools arm embedded/8 2018-q4-major/bin/../lib/gcc/arm-none-eabi/8.2.1/../../../../arm-none-eabi/lib/thumb/v7+fp/hard\libc.a(lib_a-mallocr.o)
 .ARM.attributes
                0x00000000       0x2d c:/program files (x86)/gnu tools arm embedded/8 2018-q4-major/bin/../lib/gcc/arm-none-eabi/8.2.1/../../../../arm-none-eabi/lib/thumb/v7+fp/hard\libc.a(lib_a-mallocr.o)
 .text          0x00000000        0x0 c:/program files (x86)/gnu tools arm embedded/8 2018-q4-major/bin/../lib/gcc/arm-none-eabi/8.2.1/../../../../arm-none-eabi/lib/thumb/v7+fp/hard\libc.a(lib_a-mbtowc_r.o)
 .data          0x00000000        0x0 c:/program files (x86)/gnu tools arm embedded/8 2018-q4-major/bin/../lib/gcc/arm-none-eabi/8.2.1/../../../../arm-none-eabi/lib/thumb/v7+fp/hard\libc.a(lib_a-mbtowc_r.o)
 .bss           0x00000000        0x0 c:/program files (x86)/gnu tools arm embedded/8 2018-q4-major/bin/../lib/gcc/arm-none-eabi/8.2.1/../../../../arm-none-eabi/lib/thumb/v7+fp/hard\libc.a(lib_a-mbtowc_r.o)
 .text._mbtowc_r
                0x00000000       0x18 c:/program files (x86)/gnu tools arm embedded/8 2018-q4-major/bin/../lib/gcc/arm-none-eabi/8.2.1/../../../../arm-none-eabi/lib/thumb/v7+fp/hard\libc.a(lib_a-mbtowc_r.o)
 .debug_frame   0x00000000       0x48 c:/program files (x86)/gnu tools arm embedded/8 2018-q4-major/bin/../lib/gcc/arm-none-eabi/8.2.1/../../../../arm-none-eabi/lib/thumb/v7+fp/hard\libc.a(lib_a-mbtowc_r.o)
 .text          0x00000000        0x0 c:/program files (x86)/gnu tools arm embedded/8 2018-q4-major/bin/../lib/gcc/arm-none-eabi/8.2.1/../../../../arm-none-eabi/lib/thumb/v7+fp/hard\libc.a(lib_a-memset.o)
 .data          0x00000000        0x0 c:/program files (x86)/gnu tools arm embedded/8 2018-q4-major/bin/../lib/gcc/arm-none-eabi/8.2.1/../../../../arm-none-eabi/lib/thumb/v7+fp/hard\libc.a(lib_a-memset.o)
 .bss           0x00000000        0x0 c:/program files (x86)/gnu tools arm embedded/8 2018-q4-major/bin/../lib/gcc/arm-none-eabi/8.2.1/../../../../arm-none-eabi/lib/thumb/v7+fp/hard\libc.a(lib_a-memset.o)
 .debug_frame   0x00000000       0x38 c:/program files (x86)/gnu tools arm embedded/8 2018-q4-major/bin/../lib/gcc/arm-none-eabi/8.2.1/../../../../arm-none-eabi/lib/thumb/v7+fp/hard\libc.a(lib_a-memset.o)
 .text          0x00000000        0x0 c:/program files (x86)/gnu tools arm embedded/8 2018-q4-major/bin/../lib/gcc/arm-none-eabi/8.2.1/../../../../arm-none-eabi/lib/thumb/v7+fp/hard\libc.a(lib_a-mlock.o)
 .data          0x00000000        0x0 c:/program files (x86)/gnu tools arm embedded/8 2018-q4-major/bin/../lib/gcc/arm-none-eabi/8.2.1/../../../../arm-none-eabi/lib/thumb/v7+fp/hard\libc.a(lib_a-mlock.o)
 .bss           0x00000000        0x0 c:/program files (x86)/gnu tools arm embedded/8 2018-q4-major/bin/../lib/gcc/arm-none-eabi/8.2.1/../../../../arm-none-eabi/lib/thumb/v7+fp/hard\libc.a(lib_a-mlock.o)
 .text.__malloc_lock
                0x00000000        0xc c:/program files (x86)/gnu tools arm embedded/8 2018-q4-major/bin/../lib/gcc/arm-none-eabi/8.2.1/../../../../arm-none-eabi/lib/thumb/v7+fp/hard\libc.a(lib_a-mlock.o)
 .text.__malloc_unlock
                0x00000000        0xc c:/program files (x86)/gnu tools arm embedded/8 2018-q4-major/bin/../lib/gcc/arm-none-eabi/8.2.1/../../../../arm-none-eabi/lib/thumb/v7+fp/hard\libc.a(lib_a-mlock.o)
 .debug_frame   0x00000000       0x30 c:/program files (x86)/gnu tools arm embedded/8 2018-q4-major/bin/../lib/gcc/arm-none-eabi/8.2.1/../../../../arm-none-eabi/lib/thumb/v7+fp/hard\libc.a(lib_a-mlock.o)
 .ARM.attributes
                0x00000000       0x2d c:/program files (x86)/gnu tools arm embedded/8 2018-q4-major/bin/../lib/gcc/arm-none-eabi/8.2.1/../../../../arm-none-eabi/lib/thumb/v7+fp/hard\libc.a(lib_a-mlock.o)
 .text          0x00000000        0x0 c:/program files (x86)/gnu tools arm embedded/8 2018-q4-major/bin/../lib/gcc/arm-none-eabi/8.2.1/../../../../arm-none-eabi/lib/thumb/v7+fp/hard\libc.a(lib_a-sbrkr.o)
 .data          0x00000000        0x0 c:/program files (x86)/gnu tools arm embedded/8 2018-q4-major/bin/../lib/gcc/arm-none-eabi/8.2.1/../../../../arm-none-eabi/lib/thumb/v7+fp/hard\libc.a(lib_a-sbrkr.o)
 .bss           0x00000000        0x0 c:/program files (x86)/gnu tools arm embedded/8 2018-q4-major/bin/../lib/gcc/arm-none-eabi/8.2.1/../../../../arm-none-eabi/lib/thumb/v7+fp/hard\libc.a(lib_a-sbrkr.o)
 .text._sbrk_r  0x00000000       0x28 c:/program files (x86)/gnu tools arm embedded/8 2018-q4-major/bin/../lib/gcc/arm-none-eabi/8.2.1/../../../../arm-none-eabi/lib/thumb/v7+fp/hard\libc.a(lib_a-sbrkr.o)
 .debug_frame   0x00000000       0x2c c:/program files (x86)/gnu tools arm embedded/8 2018-q4-major/bin/../lib/gcc/arm-none-eabi/8.2.1/../../../../arm-none-eabi/lib/thumb/v7+fp/hard\libc.a(lib_a-sbrkr.o)
 .ARM.attributes
                0x00000000       0x2d c:/program files (x86)/gnu tools arm embedded/8 2018-q4-major/bin/../lib/gcc/arm-none-eabi/8.2.1/../../../../arm-none-eabi/lib/thumb/v7+fp/hard\libc.a(lib_a-sbrkr.o)
 .text          0x00000000      0x1bc c:/program files (x86)/gnu tools arm embedded/8 2018-q4-major/bin/../lib/gcc/arm-none-eabi/8.2.1/../../../../arm-none-eabi/lib/thumb/v7+fp/hard\libc.a(lib_a-strcmp.o)
 .data          0x00000000        0x0 c:/program files (x86)/gnu tools arm embedded/8 2018-q4-major/bin/../lib/gcc/arm-none-eabi/8.2.1/../../../../arm-none-eabi/lib/thumb/v7+fp/hard\libc.a(lib_a-strcmp.o)
 .bss           0x00000000        0x0 c:/program files (x86)/gnu tools arm embedded/8 2018-q4-major/bin/../lib/gcc/arm-none-eabi/8.2.1/../../../../arm-none-eabi/lib/thumb/v7+fp/hard\libc.a(lib_a-strcmp.o)
 .debug_frame   0x00000000       0x34 c:/program files (x86)/gnu tools arm embedded/8 2018-q4-major/bin/../lib/gcc/arm-none-eabi/8.2.1/../../../../arm-none-eabi/lib/thumb/v7+fp/hard\libc.a(lib_a-strcmp.o)
 .ARM.attributes
                0x00000000       0x17 c:/program files (x86)/gnu tools arm embedded/8 2018-q4-major/bin/../lib/gcc/arm-none-eabi/8.2.1/../../../../arm-none-eabi/lib/thumb/v7+fp/hard\libc.a(lib_a-strcmp.o)
 .text          0x00000000        0x0 c:/program files (x86)/gnu tools arm embedded/8 2018-q4-major/bin/../lib/gcc/arm-none-eabi/8.2.1/../../../../arm-none-eabi/lib/thumb/v7+fp/hard\libc.a(lib_a-wctomb_r.o)
 .data          0x00000000        0x0 c:/program files (x86)/gnu tools arm embedded/8 2018-q4-major/bin/../lib/gcc/arm-none-eabi/8.2.1/../../../../arm-none-eabi/lib/thumb/v7+fp/hard\libc.a(lib_a-wctomb_r.o)
 .bss           0x00000000        0x0 c:/program files (x86)/gnu tools arm embedded/8 2018-q4-major/bin/../lib/gcc/arm-none-eabi/8.2.1/../../../../arm-none-eabi/lib/thumb/v7+fp/hard\libc.a(lib_a-wctomb_r.o)
 .text._wctomb_r
                0x00000000       0x18 c:/program files (x86)/gnu tools arm embedded/8 2018-q4-major/bin/../lib/gcc/arm-none-eabi/8.2.1/../../../../arm-none-eabi/lib/thumb/v7+fp/hard\libc.a(lib_a-wctomb_r.o)
 .debug_frame   0x00000000       0x3c c:/program files (x86)/gnu tools arm embedded/8 2018-q4-major/bin/../lib/gcc/arm-none-eabi/8.2.1/../../../../arm-none-eabi/lib/thumb/v7+fp/hard\libc.a(lib_a-wctomb_r.o)
 .text          0x00000000        0x0 c:/program files (x86)/gnu tools arm embedded/8 2018-q4-major/bin/../lib/gcc/arm-none-eabi/8.2.1/../../../../arm-none-eabi/lib/thumb/v7+fp/hard\libc.a(lib_a-lock.o)
 .data          0x00000000        0x0 c:/program files (x86)/gnu tools arm embedded/8 2018-q4-major/bin/../lib/gcc/arm-none-eabi/8.2.1/../../../../arm-none-eabi/lib/thumb/v7+fp/hard\libc.a(lib_a-lock.o)
 .bss           0x00000000        0x0 c:/program files (x86)/gnu tools arm embedded/8 2018-q4-major/bin/../lib/gcc/arm-none-eabi/8.2.1/../../../../arm-none-eabi/lib/thumb/v7+fp/hard\libc.a(lib_a-lock.o)
 .text.__retarget_lock_init
                0x00000000        0x4 c:/program files (x86)/gnu tools arm embedded/8 2018-q4-major/bin/../lib/gcc/arm-none-eabi/8.2.1/../../../../arm-none-eabi/lib/thumb/v7+fp/hard\libc.a(lib_a-lock.o)
 .text.__retarget_lock_init_recursive
                0x00000000        0x4 c:/program files (x86)/gnu tools arm embedded/8 2018-q4-major/bin/../lib/gcc/arm-none-eabi/8.2.1/../../../../arm-none-eabi/lib/thumb/v7+fp/hard\libc.a(lib_a-lock.o)
 .text.__retarget_lock_close
                0x00000000        0x4 c:/program files (x86)/gnu tools arm embedded/8 2018-q4-major/bin/../lib/gcc/arm-none-eabi/8.2.1/../../../../arm-none-eabi/lib/thumb/v7+fp/hard\libc.a(lib_a-lock.o)
 .text.__retarget_lock_close_recursive
                0x00000000        0x4 c:/program files (x86)/gnu tools arm embedded/8 2018-q4-major/bin/../lib/gcc/arm-none-eabi/8.2.1/../../../../arm-none-eabi/lib/thumb/v7+fp/hard\libc.a(lib_a-lock.o)
 .text.__retarget_lock_acquire
                0x00000000        0x4 c:/program files (x86)/gnu tools arm embedded/8 2018-q4-major/bin/../lib/gcc/arm-none-eabi/8.2.1/../../../../arm-none-eabi/lib/thumb/v7+fp/hard\libc.a(lib_a-lock.o)
 .text.__retarget_lock_acquire_recursive
                0x00000000        0x4 c:/program files (x86)/gnu tools arm embedded/8 2018-q4-major/bin/../lib/gcc/arm-none-eabi/8.2.1/../../../../arm-none-eabi/lib/thumb/v7+fp/hard\libc.a(lib_a-lock.o)
 .text.__retarget_lock_try_acquire
                0x00000000        0x4 c:/program files (x86)/gnu tools arm embedded/8 2018-q4-major/bin/../lib/gcc/arm-none-eabi/8.2.1/../../../../arm-none-eabi/lib/thumb/v7+fp/hard\libc.a(lib_a-lock.o)
 .text.__retarget_lock_try_acquire_recursive
                0x00000000        0x4 c:/program files (x86)/gnu tools arm embedded/8 2018-q4-major/bin/../lib/gcc/arm-none-eabi/8.2.1/../../../../arm-none-eabi/lib/thumb/v7+fp/hard\libc.a(lib_a-lock.o)
 .text.__retarget_lock_release
                0x00000000        0x4 c:/program files (x86)/gnu tools arm embedded/8 2018-q4-major/bin/../lib/gcc/arm-none-eabi/8.2.1/../../../../arm-none-eabi/lib/thumb/v7+fp/hard\libc.a(lib_a-lock.o)
 .text.__retarget_lock_release_recursive
                0x00000000        0x4 c:/program files (x86)/gnu tools arm embedded/8 2018-q4-major/bin/../lib/gcc/arm-none-eabi/8.2.1/../../../../arm-none-eabi/lib/thumb/v7+fp/hard\libc.a(lib_a-lock.o)
 .debug_frame   0x00000000       0xb0 c:/program files (x86)/gnu tools arm embedded/8 2018-q4-major/bin/../lib/gcc/arm-none-eabi/8.2.1/../../../../arm-none-eabi/lib/thumb/v7+fp/hard\libc.a(lib_a-lock.o)
 .ARM.attributes
                0x00000000       0x2d c:/program files (x86)/gnu tools arm embedded/8 2018-q4-major/bin/../lib/gcc/arm-none-eabi/8.2.1/../../../../arm-none-eabi/lib/thumb/v7+fp/hard\libc.a(lib_a-lock.o)
 COMMON         0x00000000       0x21 c:/program files (x86)/gnu tools arm embedded/8 2018-q4-major/bin/../lib/gcc/arm-none-eabi/8.2.1/../../../../arm-none-eabi/lib/thumb/v7+fp/hard\libc.a(lib_a-lock.o)

Memory Configuration

Name             Origin             Length             Attributes
RAM              0x00008000         0x08000000         xrw
*default*        0x00000000         0xffffffff

Linker script and memory map


.text           0x00008000     0x6ea0
                0x00008000                . = ALIGN (0x4)
                0x00008000                __text_start__ = .
                0x00008000                _start = .
 *(.text.startup)
 .text.startup  0x00008000      0x43c C:\Users\A01169~1\AppData\Local\Temp\ccMrilcU.o
                0x0000839c                RPi_CpuIdString
                0x000083f4                EnableInterrupts
                0x000083fc                DisableInterrupts
                0x00008404                CoreExecute
 *(.text .text.* .gnu.linkonce.t.*)
 .text          0x0000843c      0x284 C:\Users\A01169~1\AppData\Local\Temp\ccoHf1Zb.o
                0x0000843c                DisplayDirectory
                0x00008560                kernel_main
 .text.ARMaddrToGPUaddr
                0x000086c0       0x14 C:\Users\A01169~1\AppData\Local\Temp\ccMrilcU.o
                0x000086c0                ARMaddrToGPUaddr
 .text.GPUaddrToARMaddr
                0x000086d4       0x5c C:\Users\A01169~1\AppData\Local\Temp\ccMrilcU.o
                0x000086d4                GPUaddrToARMaddr
                0x000086e8                c_irq_handler
                0x000086ec                c_irq_identify_and_clear_source
 .text          0x00008730     0x2368 C:\Users\A01169~1\AppData\Local\Temp\ccRbWBA9.o
                0x0000971c                gpio_setup
                0x00009780                gpio_output
                0x000097d8                gpio_input
                0x00009820                gpio_checkEvent
                0x00009864                gpio_clearEvent
                0x000098a4                gpio_edgeDetect
                0x00009920                gpio_fixResistor
                0x00009a18                timer_getTickCount
                0x00009a5c                timer_wait
                0x00009acc                tick_difference
                0x00009ad8                mailbox_write
                0x00009b1c                mailbox_read
                0x00009b68                mailbox_tag_message
                0x00009c74                set_Activity_LED
                0x00009de0                ARM_setmaxspeed
                0x00009e80                displaySmartStart
                0x00009ef8                Embedded_Console_WriteChar
                0x00009fb4                WriteText
                0x0000a09c                SetDCPenColor
                0x0000a0b0                SetDCBrushColor
                0x0000a0c4                MoveToEx
                0x0000a0fc                LineTo
                0x0000a1d4                TextOut
                0x0000a244                BmpOut
                0x0000a298                CvtBmpLine
                0x0000a63c                Rectangle
                0x0000a670                PiConsole_Init
                0x0000a914                GetConsoleDC
                0x0000a920                GetConsole_FrameBuffer
                0x0000a930                GetConsole_Width
                0x0000a940                GetConsole_Height
                0x0000a97c                _kill
                0x0000a994                _getpid
                0x0000a99c                _read
                0x0000a9a4                _close
                0x0000a9ac                _lseek
                0x0000a9b4                _isatty
                0x0000a9bc                _fstat
                0x0000a9cc                _exit
                0x0000a9d0                _write
 .text          0x0000aa98      0xaac C:\Users\A01169~1\AppData\Local\Temp\ccqhpZjG.o
                0x0000ad44                vsprintf
                0x0000b4c4                sprintf
                0x0000b4f0                printf
 *fill*         0x0000b544        0x4 
 .text          0x0000b548     0x35bc C:\Users\A01169~1\AppData\Local\Temp\cckT5DVO.o
                0x0000c794                sdTransferBlocks
                0x0000ca90                sdClearBlocks
                0x0000cbc0                getSetNextCluster
                0x0000cd88                WildcardMatch
                0x0000d61c                sdFindFirstFile
                0x0000d9c8                sdFindNextFile
                0x0000da7c                sdFindClose
                0x0000dab8                sdCreateFile
                0x0000df14                sdReadFile
                0x0000e268                sdCloseHandle
                0x0000e2a4                sdSetFilePointer
                0x0000e618                sdGetFileSize
                0x0000e64c                sdInitCard
                0x0000eae8                sdCardCSD
 .text          0x0000eb04       0xec c:/program files (x86)/gnu tools arm embedded/8 2018-q4-major/bin/../lib/gcc/arm-none-eabi/8.2.1/../../../../arm-none-eabi/lib/thumb/v7+fp/hard\libc.a(lib_a-memcpy.o)
                0x0000eb04                memcpy
 .text.strchr   0x0000ebf0       0xe4 c:/program files (x86)/gnu tools arm embedded/8 2018-q4-major/bin/../lib/gcc/arm-none-eabi/8.2.1/../../../../arm-none-eabi/lib/thumb/v7+fp/hard\libc.a(lib_a-strchr.o)
                0x0000ebf0                strchr
 .text.strlen   0x0000ecd4       0x5c c:/program files (x86)/gnu tools arm embedded/8 2018-q4-major/bin/../lib/gcc/arm-none-eabi/8.2.1/../../../../arm-none-eabi/lib/thumb/v7+fp/hard\libc.a(lib_a-strlen-stub.o)
                0x0000ecd4                strlen
 .text.strnlen  0x0000ed30       0x48 c:/program files (x86)/gnu tools arm embedded/8 2018-q4-major/bin/../lib/gcc/arm-none-eabi/8.2.1/../../../../arm-none-eabi/lib/thumb/v7+fp/hard\libc.a(lib_a-strnlen.o)
                0x0000ed30                strnlen
 .text.wctob    0x0000ed78       0x4c c:/program files (x86)/gnu tools arm embedded/8 2018-q4-major/bin/../lib/gcc/arm-none-eabi/8.2.1/../../../../arm-none-eabi/lib/thumb/v7+fp/hard\libc.a(lib_a-wctob.o)
                0x0000ed78                wctob
 .text.__ascii_mbtowc
                0x0000edc4       0x24 c:/program files (x86)/gnu tools arm embedded/8 2018-q4-major/bin/../lib/gcc/arm-none-eabi/8.2.1/../../../../arm-none-eabi/lib/thumb/v7+fp/hard\libc.a(lib_a-mbtowc_r.o)
                0x0000edc4                __ascii_mbtowc
 .text.memset   0x0000ede8       0xa0 c:/program files (x86)/gnu tools arm embedded/8 2018-q4-major/bin/../lib/gcc/arm-none-eabi/8.2.1/../../../../arm-none-eabi/lib/thumb/v7+fp/hard\libc.a(lib_a-memset.o)
                0x0000ede8                memset
 .text.__ascii_wctomb
                0x0000ee88       0x18 c:/program files (x86)/gnu tools arm embedded/8 2018-q4-major/bin/../lib/gcc/arm-none-eabi/8.2.1/../../../../arm-none-eabi/lib/thumb/v7+fp/hard\libc.a(lib_a-wctomb_r.o)
                0x0000ee88                __ascii_wctomb
 *(.rel.text .rel.text.* .rel.gnu.linkonce.t.*)
 *(.init .init.*)
                0x0000eea0                . = ALIGN (0x4)
                0x0000eea0                __text_end__ = .

.glue_7         0x0000eea0        0x0
 .glue_7        0x0000eea0        0x0 linker stubs

.glue_7t        0x0000eea0        0x0
 .glue_7t       0x0000eea0        0x0 linker stubs

.vfp11_veneer   0x0000eea0        0x0
 .vfp11_veneer  0x0000eea0        0x0 linker stubs

.v4_bx          0x0000eea0        0x0
 .v4_bx         0x0000eea0        0x0 linker stubs

.iplt           0x0000eea0        0x0
 .iplt          0x0000eea0        0x0 C:\Users\A01169~1\AppData\Local\Temp\ccoHf1Zb.o

.bss            0x0000eea0     0x27e8
                0x0000eea0                . = ALIGN (0x4)
                0x0000eea0                __bss_start__ = .
 *(.bss .bss.* .gnu.linkonce.b.*)
 .bss           0x0000eea0       0x4c C:\Users\A01169~1\AppData\Local\Temp\ccRbWBA9.o
                0x0000eea4                console
 *fill*         0x0000eeec        0x4 
 .bss           0x0000eef0     0x25a0 C:\Users\A01169~1\AppData\Local\Temp\cckT5DVO.o
                0x0000eef0                LOG_ERROR
 *(.rela.bss .rela.bss.* .rela.gnu.linkonce.b.*)
 *(COMMON)
 COMMON         0x00011490      0x1f4 C:\Users\A01169~1\AppData\Local\Temp\ccoHf1Zb.o
                0x00011490                buffer
 COMMON         0x00011684        0x4 c:/program files (x86)/gnu tools arm embedded/8 2018-q4-major/bin/../lib/gcc/arm-none-eabi/8.2.1/../../../../arm-none-eabi/lib/thumb/v7+fp/hard\libc.a(lib_a-reent.o)
                0x00011684                errno
                0x00011688                . = ALIGN (0x4)
                0x00011688                __bss_end__ = .

.rodata         0x00011688     0x16b8
                0x00011688                . = ALIGN (0x4)
                0x00011688                __rodata_start__ = .
 *(.rodata .rodata.*)
 .rodata        0x00011688       0x30 C:\Users\A01169~1\AppData\Local\Temp\ccoHf1Zb.o
 .rodata.str1.4
                0x000116b8       0xdc C:\Users\A01169~1\AppData\Local\Temp\ccoHf1Zb.o
                                 0xe0 (size before relaxing)
 .rodata.cpuid  0x00011794       0x36 C:\Users\A01169~1\AppData\Local\Temp\ccMrilcU.o
 *fill*         0x000117ca        0x2 
 .rodata        0x000117cc     0x1004 C:\Users\A01169~1\AppData\Local\Temp\ccRbWBA9.o
                0x000127cc                BitFontEnd
 .rodata.str1.4
                0x000127d0       0xd0 C:\Users\A01169~1\AppData\Local\Temp\ccRbWBA9.o
 .rodata        0x000128a0       0x10 C:\Users\A01169~1\AppData\Local\Temp\ccqhpZjG.o
 .rodata        0x000128b0       0x14 C:\Users\A01169~1\AppData\Local\Temp\cckT5DVO.o
 .rodata.str1.4
                0x000128c4      0x36a C:\Users\A01169~1\AppData\Local\Temp\cckT5DVO.o
 *fill*         0x00012c2e        0x2 
 .rodata._ctype_
                0x00012c30      0x101 c:/program files (x86)/gnu tools arm embedded/8 2018-q4-major/bin/../lib/gcc/arm-none-eabi/8.2.1/../../../../arm-none-eabi/lib/thumb/v7+fp/hard\libc.a(lib_a-ctype_.o)
                0x00012c30                _ctype_
 *fill*         0x00012d31        0x3 
 .rodata._setlocale_r.str1.4
                0x00012d34        0x6 c:/program files (x86)/gnu tools arm embedded/8 2018-q4-major/bin/../lib/gcc/arm-none-eabi/8.2.1/../../../../arm-none-eabi/lib/thumb/v7+fp/hard\libc.a(lib_a-locale.o)
                                  0xd (size before relaxing)
 *fill*         0x00012d3a        0x2 
 .rodata.str1.4
                0x00012d3c        0x4 c:/program files (x86)/gnu tools arm embedded/8 2018-q4-major/bin/../lib/gcc/arm-none-eabi/8.2.1/../../../../arm-none-eabi/lib/thumb/v7+fp/hard\libc.a(lib_a-locale.o)
                                  0x2 (size before relaxing)
 *(.rel.rodata .rel.rodata.* .rel.gnu.linkonce.r.*)
                0x00012d40                . = ALIGN (0x4)
                0x00012d40                __rodata_end__ = .

.rel.dyn        0x00012d40        0x0
 .rel.iplt      0x00012d40        0x0 C:\Users\A01169~1\AppData\Local\Temp\ccoHf1Zb.o

.data           0x00012d40      0x96c
                0x00012d40                . = ALIGN (0x4)
                0x00012d40                __data_start__ = .
 *(.data .data.* .gnu.linkonce.d.*)
 .data.smartstart
                0x00012d40        0xc C:\Users\A01169~1\AppData\Local\Temp\ccMrilcU.o
                0x00012d44                RPi_CPUCurrentMode
                0x00012d48                RPi_Heap
 .data.smartstart32
                0x00012d4c       0x18 C:\Users\A01169~1\AppData\Local\Temp\ccMrilcU.o
                0x00012d4c                RPi_IO_Base_Addr
                0x00012d50                RPi_BootAddr
                0x00012d54                RPi_CoresReady
                0x00012d58                RPi_CPUBootMode
                0x00012d5c                RPi_CpuId
                0x00012d60                RPi_CompileMode
 .data          0x00012d64        0x4 C:\Users\A01169~1\AppData\Local\Temp\ccRbWBA9.o
 .data          0x00012d68      0x3a8 C:\Users\A01169~1\AppData\Local\Temp\cckT5DVO.o
 .data._impure_ptr
                0x00013110        0x4 c:/program files (x86)/gnu tools arm embedded/8 2018-q4-major/bin/../lib/gcc/arm-none-eabi/8.2.1/../../../../arm-none-eabi/lib/thumb/v7+fp/hard\libc.a(lib_a-impure.o)
                0x00013110                _impure_ptr
 *fill*         0x00013114        0x4 
 .data.impure_data
                0x00013118      0x428 c:/program files (x86)/gnu tools arm embedded/8 2018-q4-major/bin/../lib/gcc/arm-none-eabi/8.2.1/../../../../arm-none-eabi/lib/thumb/v7+fp/hard\libc.a(lib_a-impure.o)
 .data.__global_locale
                0x00013540      0x16c c:/program files (x86)/gnu tools arm embedded/8 2018-q4-major/bin/../lib/gcc/arm-none-eabi/8.2.1/../../../../arm-none-eabi/lib/thumb/v7+fp/hard\libc.a(lib_a-locale.o)
                0x00013540                __global_locale
 *(.rel.data .rel.data.* .rel.gnu.linkonce.d.*)
                0x000136ac                . = ALIGN (0x4)
                0x000136ac                __data_end__ = .

.igot.plt       0x000136ac        0x0
 .igot.plt      0x000136ac        0x0 C:\Users\A01169~1\AppData\Local\Temp\ccoHf1Zb.o

.data1          0x000136ac        0x4
                0x000136b0                . = ALIGN (0x10)
 *fill*         0x000136ac        0x4 
                0x000136b0                __data1_start__ = .
 *(.data1 .data1.*)
 *(.rel.data1 .rel.data1.*)
                0x000136b0                . = ALIGN (0x10)
                0x000136b0                __data1_end__ = .

.stack          0x000136b0     0xa200
                0x000136b0                . = ALIGN (0x8)
                0x000136b0                __stack_start__core0 = .
                0x000138b0                . = (. + 0x200)
 *fill*         0x000136b0      0x200 
                0x000138b0                __HYP_stack_core0 = .
                0x0001b8b0                . = (. + 0x8000)
 *fill*         0x000138b0     0x8000 
                0x0001b8b0                __SVC_stack_core0 = .
                0x0001c8b0                . = (. + 0x1000)
 *fill*         0x0001b8b0     0x1000 
                0x0001c8b0                __IRQ_stack_core0 = .
                0x0001d8b0                . = (. + 0x1000)
 *fill*         0x0001c8b0     0x1000 
                0x0001d8b0                __FIQ_stack_core0 = .
                0x0001d8b0                . = ALIGN (0x8)
                0x0001d8b0                __stack_end__core0 = .

.stack_core1    0x0001d8b0     0x1600
                0x0001d8b0                . = ALIGN (0x8)
                0x0001d8b0                __stack_start__core1 = .
                0x0001dab0                . = (. + 0x200)
 *fill*         0x0001d8b0      0x200 
                0x0001dab0                __HYP_stack_core1 = .
                0x0001eab0                . = (. + 0x1000)
 *fill*         0x0001dab0     0x1000 
                0x0001eab0                __SVC_stack_core1 = .
                0x0001ecb0                . = (. + 0x200)
 *fill*         0x0001eab0      0x200 
                0x0001ecb0                __IRQ_stack_core1 = .
                0x0001eeb0                . = (. + 0x200)
 *fill*         0x0001ecb0      0x200 
                0x0001eeb0                __FIQ_stack_core1 = .
                0x0001eeb0                . = ALIGN (0x8)
                0x0001eeb0                __stack_end__core1 = .

.stack_core2    0x0001eeb0     0x1600
                0x0001eeb0                . = ALIGN (0x8)
                0x0001eeb0                __stack_start__core2 = .
                0x0001f0b0                . = (. + 0x200)
 *fill*         0x0001eeb0      0x200 
                0x0001f0b0                __HYP_stack_core2 = .
                0x000200b0                . = (. + 0x1000)
 *fill*         0x0001f0b0     0x1000 
                0x000200b0                __SVC_stack_core2 = .
                0x000202b0                . = (. + 0x200)
 *fill*         0x000200b0      0x200 
                0x000202b0                __IRQ_stack_core2 = .
                0x000204b0                . = (. + 0x200)
 *fill*         0x000202b0      0x200 
                0x000204b0                __FIQ_stack_core2 = .
                0x000204b0                . = ALIGN (0x8)
                0x000204b0                __stack_end__core2 = .

.stack_core3    0x000204b0     0x1600
                0x000204b0                . = ALIGN (0x8)
                0x000204b0                __stack_start__core3 = .
                0x000206b0                . = (. + 0x200)
 *fill*         0x000204b0      0x200 
                0x000206b0                __HYP_stack_core3 = .
                0x000216b0                . = (. + 0x1000)
 *fill*         0x000206b0     0x1000 
                0x000216b0                __SVC_stack_core3 = .
                0x000218b0                . = (. + 0x200)
 *fill*         0x000216b0      0x200 
                0x000218b0                __IRQ_stack_core3 = .
                0x00021ab0                . = (. + 0x200)
 *fill*         0x000218b0      0x200 
                0x00021ab0                __FIQ_stack_core3 = .
                0x00021ab0                . = ALIGN (0x8)
                0x00021ab0                __stack_end__core3 = .

.ARM.attributes
                0x00000000       0x39
 *(.ARM.attributes)
 .ARM.attributes
                0x00000000       0x39 C:\Users\A01169~1\AppData\Local\Temp\ccoHf1Zb.o
 .ARM.attributes
                0x00000039       0x27 C:\Users\A01169~1\AppData\Local\Temp\ccMrilcU.o
 .ARM.attributes
                0x00000060       0x39 C:\Users\A01169~1\AppData\Local\Temp\ccRbWBA9.o
 .ARM.attributes
                0x00000099       0x39 C:\Users\A01169~1\AppData\Local\Temp\ccqhpZjG.o
 .ARM.attributes
                0x000000d2       0x39 C:\Users\A01169~1\AppData\Local\Temp\cckT5DVO.o
 .ARM.attributes
                0x0000010b       0x2b c:/program files (x86)/gnu tools arm embedded/8 2018-q4-major/bin/../lib/gcc/arm-none-eabi/8.2.1/../../../../arm-none-eabi/lib/thumb/v7+fp/hard\libc.a(lib_a-ctype_.o)
 .ARM.attributes
                0x00000136       0x17 c:/program files (x86)/gnu tools arm embedded/8 2018-q4-major/bin/../lib/gcc/arm-none-eabi/8.2.1/../../../../arm-none-eabi/lib/thumb/v7+fp/hard\libc.a(lib_a-memcpy.o)
 .ARM.attributes
                0x0000014d       0x2d c:/program files (x86)/gnu tools arm embedded/8 2018-q4-major/bin/../lib/gcc/arm-none-eabi/8.2.1/../../../../arm-none-eabi/lib/thumb/v7+fp/hard\libc.a(lib_a-reent.o)
 .ARM.attributes
                0x0000017a       0x2d c:/program files (x86)/gnu tools arm embedded/8 2018-q4-major/bin/../lib/gcc/arm-none-eabi/8.2.1/../../../../arm-none-eabi/lib/thumb/v7+fp/hard\libc.a(lib_a-strchr.o)
 .ARM.attributes
                0x000001a7       0x2d c:/program files (x86)/gnu tools arm embedded/8 2018-q4-major/bin/../lib/gcc/arm-none-eabi/8.2.1/../../../../arm-none-eabi/lib/thumb/v7+fp/hard\libc.a(lib_a-strlen-stub.o)
 .ARM.attributes
                0x000001d4       0x2d c:/program files (x86)/gnu tools arm embedded/8 2018-q4-major/bin/../lib/gcc/arm-none-eabi/8.2.1/../../../../arm-none-eabi/lib/thumb/v7+fp/hard\libc.a(lib_a-strnlen.o)
 .ARM.attributes
                0x00000201       0x2d c:/program files (x86)/gnu tools arm embedded/8 2018-q4-major/bin/../lib/gcc/arm-none-eabi/8.2.1/../../../../arm-none-eabi/lib/thumb/v7+fp/hard\libc.a(lib_a-wctob.o)
 .ARM.attributes
                0x0000022e       0x2b c:/program files (x86)/gnu tools arm embedded/8 2018-q4-major/bin/../lib/gcc/arm-none-eabi/8.2.1/../../../../arm-none-eabi/lib/thumb/v7+fp/hard\libc.a(lib_a-impure.o)
 .ARM.attributes
                0x00000259       0x2d c:/program files (x86)/gnu tools arm embedded/8 2018-q4-major/bin/../lib/gcc/arm-none-eabi/8.2.1/../../../../arm-none-eabi/lib/thumb/v7+fp/hard\libc.a(lib_a-locale.o)
 .ARM.attributes
                0x00000286       0x2d c:/program files (x86)/gnu tools arm embedded/8 2018-q4-major/bin/../lib/gcc/arm-none-eabi/8.2.1/../../../../arm-none-eabi/lib/thumb/v7+fp/hard\libc.a(lib_a-mbtowc_r.o)
 .ARM.attributes
                0x000002b3       0x2d c:/program files (x86)/gnu tools arm embedded/8 2018-q4-major/bin/../lib/gcc/arm-none-eabi/8.2.1/../../../../arm-none-eabi/lib/thumb/v7+fp/hard\libc.a(lib_a-memset.o)
 .ARM.attributes
                0x000002e0       0x2d c:/program files (x86)/gnu tools arm embedded/8 2018-q4-major/bin/../lib/gcc/arm-none-eabi/8.2.1/../../../../arm-none-eabi/lib/thumb/v7+fp/hard\libc.a(lib_a-wctomb_r.o)

.Heap           0x00021ab0        0x0
                0x00021ab0                . = ALIGN (0x4)
                0x00021ab0                __heap_start__ = .
                0x00021ab0                _end = .
                [!provide]                PROVIDE (end = .)

/DISCARD/
 *(.ARM.exidx .ARM.exidx.*)
 *(.rel.ARM.exidx .rel.ARM.exidx.* .gnu.linkonce.armexidx.*)
 *(.debug_frame .debug_frame.*)
 *(.comment *.comment.*)
 *(.symtab .symtab.*)
 *(.strtab .strtab.*)
 *(.shstrtab .shstrtab.*)
 libc.a(*)
 libm.a(*)
 libgcc.a(*)
 *(.note.GNU-stack)
 *(.gnu_debuglink)
 *(.gnu.lto_*)
LOAD C:\Users\A01169~1\AppData\Local\Temp\ccoHf1Zb.o
LOAD C:\Users\A01169~1\AppData\Local\Temp\ccMrilcU.o
LOAD C:\Users\A01169~1\AppData\Local\Temp\ccRbWBA9.o
LOAD C:\Users\A01169~1\AppData\Local\Temp\ccqhpZjG.o
LOAD C:\Users\A01169~1\AppData\Local\Temp\cckT5DVO.o
LOAD C:\Users\A01169~1\AppData\Local\Temp\cc2uVrMj.o
LOAD C:\Users\A01169~1\AppData\Local\Temp\cc2B0v44.o
LOAD C:\Users\A01169~1\AppData\Local\Temp\ccME9cKS.o
LOAD c:/program files (x86)/gnu tools arm embedded/8 2018-q4-major/bin/../lib/gcc/arm-none-eabi/8.2.1/../../../../arm-none-eabi/lib/thumb/v7+fp/hard\libc.a
LOAD c:/program files (x86)/gnu tools arm embedded/8 2018-q4-major/bin/../lib/gcc/arm-none-eabi/8.2.1/../../../../arm-none-eabi/lib/thumb/v7+fp/hard\libm.a
LOAD c:/program files (x86)/gnu tools arm embedded/8 2018-q4-major/bin/../lib/gcc/arm-none-eabi/8.2.1/../../../../arm-none-eabi/lib/thumb/v7+fp/hard\libg.a
LOAD c:/program files (x86)/gnu tools arm embedded/8 2018-q4-major/bin/../lib/gcc/arm-none-eabi/8.2.1/thumb/v7+fp/hard\libgcc.a
OUTPUT(output/kernel_rp2.elf elf32-littlearm)
